2026-04-22 14:54:58,139 544 INFO ckr_collections_recette odoo.modules.loading: Modules loaded. 
2026-04-22 14:55:57,727 544 INFO ckr_collections_recette odoo.addons.dorevia_ckreyol_marketplace.tests.test_ckr_shop_collections: Starting TestCkrCollectionsPVModel.test_ckr_col_rc01_form_view_contains_collection_field ... 
2026-04-22 14:55:57,847 544 INFO ckr_collections_recette odoo.addons.dorevia_ckreyol_marketplace.tests.test_ckr_shop_collections: Starting TestCkrCollectionsPVModel.test_ckr_col_rc02_product_template_multi_collections ... 
2026-04-22 14:55:58,376 544 INFO ckr_collections_recette odoo.addons.dorevia_ckreyol_marketplace.tests.test_ckr_shop_collections: Starting TestCkrCollectionsPVModel.test_ckr_col_rc03_menus_and_action_exist ... 
2026-04-22 14:55:58,402 544 INFO ckr_collections_recette odoo.addons.dorevia_ckreyol_marketplace.tests.test_ckr_shop_collections: Starting TestCkrCollectionsPVModel.test_ckr_col_rc03_slug_reserved_union ... 
2026-04-22 14:55:58,426 544 INFO ckr_collections_recette odoo.addons.dorevia_ckreyol_marketplace.tests.test_ckr_shop_collections: Starting TestCkrCollectionsPVModel.test_ckr_col_rc03_slug_unique_per_website ... 
ERROR: duplicate key value violates unique constraint "ckr_shop_collection_ckr_shop_collection_slug_website_uniq"
2026-04-22 14:55:58,441 544 INFO ckr_collections_recette odoo.addons.dorevia_ckreyol_marketplace.tests.test_ckr_shop_collections: Starting TestCkrCollectionsPVModel.test_ckr_col_rc03_visibility_active_and_period ... 
2026-04-22 14:55:58,471 544 INFO ckr_collections_recette odoo.addons.dorevia_ckreyol_marketplace.tests.test_ckr_shop_collections: Starting TestCkrCollectionsPVModel.test_ckr_col_rc14_effective_mode_priority ... 
2026-04-22 14:55:58,473 544 INFO ckr_collections_recette odoo.addons.dorevia_ckreyol_marketplace.tests.test_ckr_shop_collections: Starting TestCkrCollectionsPVModel.test_date_range_consistency_constraint ... 
2026-04-22 14:55:58,480 544 INFO ckr_collections_recette odoo.addons.dorevia_ckreyol_marketplace.tests.test_ckr_shop_collections: Starting TestCkrCollectionsPVModel.test_resolve_visible_slugs_order_and_filter ... 
2026-04-22 14:55:58,867 544 INFO ckr_collections_recette odoo.addons.dorevia_ckreyol_marketplace.tests.test_ckr_shop_collections: Starting TestCkrCollectionsPVHttp.test_ckr_col_rc04_general_view_200_and_copy ... 
  File "/mnt/odoo19-addons-dorevia/dorevia_ckreyol_marketplace/tests/test_ckr_shop_collections.py", line 611, in test_ckr_col_rc04_general_view_200_and_copy
2026-04-22 14:56:00,888 544 INFO ckr_collections_recette odoo.addons.dorevia_ckreyol_marketplace.tests.test_ckr_shop_collections: Starting TestCkrCollectionsPVHttp.test_ckr_col_rc05_single_collection_view_title_and_fallback ... 
  File "/mnt/odoo19-addons-dorevia/dorevia_ckreyol_marketplace/tests/test_ckr_shop_collections.py", line 634, in test_ckr_col_rc05_single_collection_view_title_and_fallback
2026-04-22 14:56:02,279 544 INFO ckr_collections_recette odoo.addons.dorevia_ckreyol_marketplace.tests.test_ckr_shop_collections: Starting TestCkrCollectionsPVHttp.test_ckr_col_rc06_union_or_filter_and_copy ... 
  File "/mnt/odoo19-addons-dorevia/dorevia_ckreyol_marketplace/tests/test_ckr_shop_collections.py", line 659, in test_ckr_col_rc06_union_or_filter_and_copy
2026-04-22 14:56:03,741 544 INFO ckr_collections_recette odoo.addons.dorevia_ckreyol_marketplace.tests.test_ckr_shop_collections: Starting TestCkrCollectionsPVHttp.test_ckr_col_rc07_union_collapses_to_single_301 ... 
2026-04-22 14:56:04,455 544 INFO ckr_collections_recette odoo.addons.dorevia_ckreyol_marketplace.tests.test_ckr_shop_collections: Starting TestCkrCollectionsPVHttp.test_ckr_col_rc07_union_order_dupes_301 ... 
2026-04-22 14:56:04,539 544 INFO ckr_collections_recette odoo.addons.dorevia_ckreyol_marketplace.tests.test_ckr_shop_collections: Starting TestCkrCollectionsPVHttp.test_ckr_col_rc08_union_incomplete_302 ... 
2026-04-22 14:56:04,669 544 INFO ckr_collections_recette odoo.addons.dorevia_ckreyol_marketplace.tests.test_ckr_shop_collections: Starting TestCkrCollectionsPVHttp.test_ckr_col_rc08_union_invalid_slug_repli_a_302 ... 
2026-04-22 14:56:04,954 544 INFO ckr_collections_recette odoo.addons.dorevia_ckreyol_marketplace.tests.test_ckr_shop_collections: Starting TestCkrCollectionsPVHttp.test_ckr_col_rc08_unknown_slug_302 ... 
2026-04-22 14:56:05,220 544 INFO ckr_collections_recette odoo.addons.dorevia_ckreyol_marketplace.tests.test_ckr_shop_collections: Starting TestCkrCollectionsPVHttp.test_ckr_col_rc09_flash_no_query_on_location ... 
2026-04-22 14:56:09,599 544 INFO ckr_collections_recette odoo.addons.dorevia_ckreyol_marketplace.tests.test_ckr_shop_collections: Starting TestCkrCollectionsPVHttp.test_ckr_col_rc10_fixed_copies_smoke ... 
  File "/mnt/odoo19-addons-dorevia/dorevia_ckreyol_marketplace/tests/test_ckr_shop_collections.py", line 802, in test_ckr_col_rc10_fixed_copies_smoke
2026-04-22 14:56:15,423 544 INFO ckr_collections_recette odoo.addons.dorevia_ckreyol_marketplace.tests.test_ckr_shop_collections: Starting TestCkrCollectionsPVHttp.test_ckr_col_rc11_empty_state_valid_collection ... 
  File "/mnt/odoo19-addons-dorevia/dorevia_ckreyol_marketplace/tests/test_ckr_shop_collections.py", line 825, in test_ckr_col_rc11_empty_state_valid_collection
2026-04-22 14:56:17,394 544 INFO ckr_collections_recette odoo.addons.dorevia_ckreyol_marketplace.tests.test_ckr_shop_collections: Starting TestCkrCollectionsPVHttp.test_ckr_col_rc12_canonical_self_paths ... 
2026-04-22 14:56:19,661 544 INFO ckr_collections_recette odoo.addons.dorevia_ckreyol_marketplace.tests.test_ckr_shop_collections: Starting TestCkrCollectionsPVHttp.test_ckr_col_rc13_product_page_collection_links ... 
  File "/mnt/odoo19-addons-dorevia/dorevia_ckreyol_marketplace/tests/test_ckr_shop_collections.py", line 872, in test_ckr_col_rc13_product_page_collection_links
AssertionError: 403 != 200
2026-04-22 14:56:23,026 544 INFO ckr_collections_recette odoo.addons.dorevia_ckreyol_marketplace.tests.test_ckr_shop_collections: Starting TestCkrCollectionsPVHttp.test_ckr_col_rc14_regression_other_gates ... 
2026-04-22 14:56:25,327 544 INFO ckr_collections_recette odoo.tests.stats: dorevia_ckreyol_marketplace: 27 tests 27.62s 2124 queries 
