2026-04-22 15:02:54,611 610 INFO ckr_collections_recette odoo.modules.loading: Modules loaded. 
2026-04-22 15:03:03,085 610 INFO ckr_collections_recette odoo.addons.dorevia_ckreyol_marketplace.tests.test_ckr_shop_collections: Starting TestCkrCollectionsPVModel.test_ckr_col_rc01_form_view_contains_collection_field ... 
2026-04-22 15:03:03,159 610 INFO ckr_collections_recette odoo.addons.dorevia_ckreyol_marketplace.tests.test_ckr_shop_collections: Starting TestCkrCollectionsPVModel.test_ckr_col_rc02_product_template_multi_collections ... 
2026-04-22 15:03:03,863 610 INFO ckr_collections_recette odoo.addons.dorevia_ckreyol_marketplace.tests.test_ckr_shop_collections: Starting TestCkrCollectionsPVModel.test_ckr_col_rc03_menus_and_action_exist ... 
2026-04-22 15:03:03,886 610 INFO ckr_collections_recette odoo.addons.dorevia_ckreyol_marketplace.tests.test_ckr_shop_collections: Starting TestCkrCollectionsPVModel.test_ckr_col_rc03_slug_reserved_union ... 
2026-04-22 15:03:03,937 610 INFO ckr_collections_recette odoo.addons.dorevia_ckreyol_marketplace.tests.test_ckr_shop_collections: Starting TestCkrCollectionsPVModel.test_ckr_col_rc03_slug_unique_per_website ... 
2026-04-22 15:03:03,969 610 INFO ckr_collections_recette odoo.addons.dorevia_ckreyol_marketplace.tests.test_ckr_shop_collections: Starting TestCkrCollectionsPVModel.test_ckr_col_rc03_visibility_active_and_period ... 
2026-04-22 15:03:03,996 610 INFO ckr_collections_recette odoo.addons.dorevia_ckreyol_marketplace.tests.test_ckr_shop_collections: Starting TestCkrCollectionsPVModel.test_ckr_col_rc14_effective_mode_priority ... 
2026-04-22 15:03:04,004 610 INFO ckr_collections_recette odoo.addons.dorevia_ckreyol_marketplace.tests.test_ckr_shop_collections: Starting TestCkrCollectionsPVModel.test_date_range_consistency_constraint ... 
2026-04-22 15:03:04,046 610 INFO ckr_collections_recette odoo.addons.dorevia_ckreyol_marketplace.tests.test_ckr_shop_collections: Starting TestCkrCollectionsPVModel.test_resolve_visible_slugs_order_and_filter ... 
2026-04-22 15:03:05,209 610 INFO ckr_collections_recette odoo.addons.dorevia_ckreyol_marketplace.tests.test_ckr_shop_collections: Starting TestCkrCollectionsPVHttp.test_ckr_col_rc04_general_view_200_and_copy ... 
2026-04-22 15:03:06,866 610 INFO ckr_collections_recette odoo.addons.dorevia_ckreyol_marketplace.tests.test_ckr_shop_collections: Starting TestCkrCollectionsPVHttp.test_ckr_col_rc05_single_collection_view_title_and_fallback ... 
2026-04-22 15:03:08,358 610 INFO ckr_collections_recette odoo.addons.dorevia_ckreyol_marketplace.tests.test_ckr_shop_collections: Starting TestCkrCollectionsPVHttp.test_ckr_col_rc06_union_or_filter_and_copy ... 
2026-04-22 15:03:09,836 610 INFO ckr_collections_recette odoo.addons.dorevia_ckreyol_marketplace.tests.test_ckr_shop_collections: Starting TestCkrCollectionsPVHttp.test_ckr_col_rc07_union_collapses_to_single_301 ... 
2026-04-22 15:03:10,180 610 INFO ckr_collections_recette odoo.addons.dorevia_ckreyol_marketplace.tests.test_ckr_shop_collections: Starting TestCkrCollectionsPVHttp.test_ckr_col_rc07_union_order_dupes_301 ... 
2026-04-22 15:03:10,273 610 INFO ckr_collections_recette odoo.addons.dorevia_ckreyol_marketplace.tests.test_ckr_shop_collections: Starting TestCkrCollectionsPVHttp.test_ckr_col_rc08_union_incomplete_302 ... 
2026-04-22 15:03:10,428 610 INFO ckr_collections_recette odoo.addons.dorevia_ckreyol_marketplace.tests.test_ckr_shop_collections: Starting TestCkrCollectionsPVHttp.test_ckr_col_rc08_union_invalid_slug_repli_a_302 ... 
2026-04-22 15:03:10,534 610 INFO ckr_collections_recette odoo.addons.dorevia_ckreyol_marketplace.tests.test_ckr_shop_collections: Starting TestCkrCollectionsPVHttp.test_ckr_col_rc08_unknown_slug_302 ... 
2026-04-22 15:03:10,704 610 INFO ckr_collections_recette odoo.addons.dorevia_ckreyol_marketplace.tests.test_ckr_shop_collections: Starting TestCkrCollectionsPVHttp.test_ckr_col_rc09_flash_no_query_on_location ... 
2026-04-22 15:03:11,786 610 INFO ckr_collections_recette odoo.addons.dorevia_ckreyol_marketplace.tests.test_ckr_shop_collections: Starting TestCkrCollectionsPVHttp.test_ckr_col_rc10_fixed_copies_smoke ... 
2026-04-22 15:03:12,935 610 INFO ckr_collections_recette odoo.addons.dorevia_ckreyol_marketplace.tests.test_ckr_shop_collections: Starting TestCkrCollectionsPVHttp.test_ckr_col_rc11_empty_state_valid_collection ... 
2026-04-22 15:03:13,841 610 INFO ckr_collections_recette odoo.addons.dorevia_ckreyol_marketplace.tests.test_ckr_shop_collections: Starting TestCkrCollectionsPVHttp.test_ckr_col_rc12_canonical_self_paths ... 
2026-04-22 15:03:14,909 610 INFO ckr_collections_recette odoo.addons.dorevia_ckreyol_marketplace.tests.test_ckr_shop_collections: Starting TestCkrCollectionsPVHttp.test_ckr_col_rc13_product_page_collection_links ... 
2026-04-22 15:03:15,976 610 INFO ckr_collections_recette odoo.addons.dorevia_ckreyol_marketplace.tests.test_ckr_shop_collections: Starting TestCkrCollectionsPVHttp.test_ckr_col_rc14_regression_other_gates ... 
2026-04-22 15:03:16,990 610 INFO ckr_collections_recette odoo.tests.stats: dorevia_ckreyol_marketplace: 27 tests 13.92s 2016 queries 
